// Jest Snapshot v1, https://goo.gl/fbAQLP

exports[`Atlas is parsable. 1`] = `
Object {
  "animations": Object {
    "backpacker-walkDown": Object {
      "cels": Array [
        Object {
          "duration": 100,
          "position": Object {
            "x": 32,
            "y": 32,
          },
          "slices": Array [
            Object {
              "h": 4,
              "w": 5,
              "x": 2,
              "y": 0,
            },
          ],
        },
        Object {
          "duration": 100,
          "position": Object {
            "x": 24,
            "y": 32,
          },
          "slices": Array [
            Object {
              "h": 4,
              "w": 5,
              "x": 2,
              "y": 0,
            },
          ],
        },
        Object {
          "duration": 100,
          "position": Object {
            "x": 16,
            "y": 32,
          },
          "slices": Array [
            Object {
              "h": 4,
              "w": 5,
              "x": 2,
              "y": 0,
            },
          ],
        },
        Object {
          "duration": 100,
          "position": Object {
            "x": 8,
            "y": 32,
          },
          "slices": Array [
            Object {
              "h": 4,
              "w": 5,
              "x": 2,
              "y": 0,
            },
          ],
        },
        Object {
          "duration": 100,
          "position": Object {
            "x": 32,
            "y": 32,
          },
          "slices": Array [
            Object {
              "h": 4,
              "w": 5,
              "x": 2,
              "y": 0,
            },
          ],
        },
        Object {
          "duration": 100,
          "position": Object {
            "x": 0,
            "y": 32,
          },
          "slices": Array [
            Object {
              "h": 4,
              "w": 5,
              "x": 2,
              "y": 0,
            },
          ],
        },
        Object {
          "duration": 100,
          "position": Object {
            "x": 72,
            "y": 29,
          },
          "slices": Array [
            Object {
              "h": 4,
              "w": 5,
              "x": 2,
              "y": 0,
            },
          ],
        },
        Object {
          "duration": 100,
          "position": Object {
            "x": 48,
            "y": 16,
          },
          "slices": Array [
            Object {
              "h": 4,
              "w": 5,
              "x": 2,
              "y": 0,
            },
          ],
        },
      ],
      "direction": "forward",
      "duration": 800,
      "size": Object {
        "h": 13,
        "w": 8,
      },
    },
    "backpacker-walkRight": Object {
      "cels": Array [
        Object {
          "duration": 100,
          "position": Object {
            "x": 64,
            "y": 29,
          },
          "slices": Array [],
        },
        Object {
          "duration": 100,
          "position": Object {
            "x": 8,
            "y": 45,
          },
          "slices": Array [],
        },
        Object {
          "duration": 100,
          "position": Object {
            "x": 0,
            "y": 45,
          },
          "slices": Array [],
        },
        Object {
          "duration": 100,
          "position": Object {
            "x": 72,
            "y": 42,
          },
          "slices": Array [],
        },
        Object {
          "duration": 100,
          "position": Object {
            "x": 64,
            "y": 42,
          },
          "slices": Array [],
        },
        Object {
          "duration": 100,
          "position": Object {
            "x": 56,
            "y": 42,
          },
          "slices": Array [],
        },
        Object {
          "duration": 100,
          "position": Object {
            "x": 48,
            "y": 42,
          },
          "slices": Array [],
        },
        Object {
          "duration": 100,
          "position": Object {
            "x": 40,
            "y": 32,
          },
          "slices": Array [],
        },
        Object {
          "duration": 100,
          "position": Object {
            "x": 72,
            "y": 42,
          },
          "slices": Array [],
        },
      ],
      "direction": "forward",
      "duration": 900,
      "size": Object {
        "h": 13,
        "w": 8,
      },
    },
    "backpacker-walkUp": Object {
      "cels": Array [
        Object {
          "duration": 100,
          "position": Object {
            "x": 56,
            "y": 29,
          },
          "slices": Array [],
        },
        Object {
          "duration": 100,
          "position": Object {
            "x": 48,
            "y": 29,
          },
          "slices": Array [],
        },
        Object {
          "duration": 100,
          "position": Object {
            "x": 72,
            "y": 16,
          },
          "slices": Array [],
        },
        Object {
          "duration": 100,
          "position": Object {
            "x": 72,
            "y": 16,
          },
          "slices": Array [],
        },
        Object {
          "duration": 100,
          "position": Object {
            "x": 56,
            "y": 29,
          },
          "slices": Array [],
        },
        Object {
          "duration": 100,
          "position": Object {
            "x": 64,
            "y": 16,
          },
          "slices": Array [],
        },
        Object {
          "duration": 100,
          "position": Object {
            "x": 56,
            "y": 16,
          },
          "slices": Array [],
        },
        Object {
          "duration": 100,
          "position": Object {
            "x": 56,
            "y": 16,
          },
          "slices": Array [],
        },
      ],
      "direction": "forward",
      "duration": 800,
      "size": Object {
        "h": 13,
        "w": 8,
      },
    },
    "frog-eat": Object {
      "cels": Array [
        Object {
          "duration": 800,
          "position": Object {
            "x": 32,
            "y": 16,
          },
          "slices": Array [],
        },
        Object {
          "duration": 1200,
          "position": Object {
            "x": 16,
            "y": 16,
          },
          "slices": Array [],
        },
        Object {
          "duration": 64,
          "position": Object {
            "x": 0,
            "y": 16,
          },
          "slices": Array [],
        },
        Object {
          "duration": 64,
          "position": Object {
            "x": 64,
            "y": 0,
          },
          "slices": Array [],
        },
        Object {
          "duration": 64,
          "position": Object {
            "x": 48,
            "y": 0,
          },
          "slices": Array [],
        },
        Object {
          "duration": 64,
          "position": Object {
            "x": 64,
            "y": 0,
          },
          "slices": Array [],
        },
        Object {
          "duration": 64,
          "position": Object {
            "x": 0,
            "y": 16,
          },
          "slices": Array [],
        },
        Object {
          "duration": Infinity,
          "position": Object {
            "x": 32,
            "y": 16,
          },
          "slices": Array [],
        },
      ],
      "direction": "forward",
      "duration": Infinity,
      "size": Object {
        "h": 16,
        "w": 16,
      },
    },
    "frog-idle": Object {
      "cels": Array [
        Object {
          "duration": 7000,
          "position": Object {
            "x": 32,
            "y": 0,
          },
          "slices": Array [],
        },
        Object {
          "duration": 2000,
          "position": Object {
            "x": 16,
            "y": 0,
          },
          "slices": Array [],
        },
        Object {
          "duration": 4000,
          "position": Object {
            "x": 32,
            "y": 0,
          },
          "slices": Array [],
        },
        Object {
          "duration": 200,
          "position": Object {
            "x": 0,
            "y": 0,
          },
          "slices": Array [],
        },
      ],
      "direction": "forward",
      "duration": 13200,
      "size": Object {
        "h": 16,
        "w": 16,
      },
    },
  },
  "filename": "atlas.png",
  "format": "I8",
  "size": Object {
    "h": 58,
    "w": 80,
  },
  "version": "1.2.25-x64",
}
`;
